// Jest Snapshot v1, https://goo.gl/fbAQLP

exports[`installationInfo snapshot 1`] = `
<div>
  <div>
    <header>
      <h1
        id="title"
      >
        Geometry gallery
      </h1>
    </header>
    <div>
      <div
        class="closed"
        id="menu"
      >
        <button
          class="disabledButton"
          id="displayFavButton"
          type="button"
        >
          Only display favorites
          <span
            id="favHoverText"
          >
            You don't have any favorites yet!
          </span>
        </button>
        <div
          id="close-button"
        >
          <div
            class="line-one"
          >
            <div
              class="line-two"
            />
          </div>
        </div>
        <div
          id="up-arrow"
        />
        <div
          id="blurry-area"
        />
        <h2
          id="filterTitle"
        >
          Display pictures with:
        </h2>
        <div
          id="filters"
        >
          <div
            id="paletteFilters"
          >
            <h4>
              Palette
              :
            </h4>
            <div
              id="filter1"
            >
              <input
                checked=""
                id="darkCheckbox"
                name="dark_filter"
                type="checkbox"
              />
              <label
                for="darkCheckbox"
              >
                 
                Dark
                 
              </label>
            </div>
            <div
              id="filter2"
            >
              <input
                checked=""
                id="lightCheckbox"
                name="light_filter"
                type="checkbox"
              />
              <label
                for="lightCheckbox"
              >
                 
                Light
                 
              </label>
            </div>
            <div
              id="filter3"
            >
              <input
                checked=""
                id="colorfulCheckbox"
                name="colorful_filter"
                type="checkbox"
              />
              <label
                for="colorfulCheckbox"
              >
                 
                Colorful
                 
              </label>
            </div>
          </div>
          <div
            id="shapesFilters"
          >
            <h4>
              Shapes
              :
            </h4>
            <div
              id="filter4"
            >
              <input
                checked=""
                id="CirclesCheckbox"
                name="circles_filter"
                type="checkbox"
              />
              <label
                for="CirclesCheckbox"
              >
                 
                Circles
                 
              </label>
            </div>
            <div
              id="filter5"
            >
              <input
                checked=""
                id="rectanglesCheckbox"
                name="rect_filter"
                type="checkbox"
              />
              <label
                for="rectanglesCheckbox"
              >
                 
                Rectangles
                 
              </label>
            </div>
            <div
              id="filter6"
            >
              <input
                checked=""
                id="complexCheckbox"
                name="complex_filter"
                type="checkbox"
              />
              <label
                for="complexCheckbox"
              >
                 
                Complex
                 
              </label>
            </div>
          </div>
          <div
            id="artistFilters"
          >
            <h4>
              Artist
              :
            </h4>
            <div
              id="filter7"
            >
              <input
                checked=""
                id="cassattCheckbox"
                name="cassatt_filter"
                type="checkbox"
              />
              <label
                for="cassattCheckbox"
              >
                 
                Mary Cassatt
                 
              </label>
            </div>
            <div
              id="filter8"
            >
              <input
                checked=""
                id="kinsonCheckbox"
                name="kinson_filter"
                type="checkbox"
              />
              <label
                for="kinsonCheckbox"
              >
                 
                Milly Kinson
                 
              </label>
            </div>
            <div
              id="filter9"
            >
              <input
                checked=""
                id="crowCheckbox"
                name="crow_filter"
                type="checkbox"
              />
              <label
                for="crowCheckbox"
              >
                 
                A Literal Crow
                 
              </label>
            </div>
          </div>
        </div>
        <button
          class="allowedButton"
          id="apply_btn"
        >
          Apply filters
          <span
            id="filterHoverText"
          >
            No installations fit the chosen filters
          </span>
        </button>
      </div>
      <div
        class="closed"
        id="burger-button"
      >
        <div
          id="top-line"
        />
        <div
          id="middle-line"
        />
        <div
          id="bottom-line"
        />
      </div>
    </div>
    <div
      id="carousel"
    >
      <div
        class="arrows allowedArrow"
        id="left"
      >
        <div
          class="leftArrow"
        />
      </div>
      <div
        id="installation"
      >
        <div>
          <svg
            class="picture"
            height="350"
            width="350"
          >
            <rect
              fill="#4e4e4e"
              height="350"
              id="i1_r1"
              stroke="#4e4e4e"
              width="350"
              x="0"
              y="0"
            />
            <circle
              cx="156"
              cy="78"
              fill="black"
              id="i1_c1"
              r="30"
              stroke="black"
              stroke-width="0"
            />
            <circle
              cx="130"
              cy="276"
              fill="black"
              id="i1_c2"
              r="60"
              stroke="black"
              stroke-width="0"
            />
            <circle
              cx="300"
              cy="175"
              fill="black"
              id="i1_c3"
              r="35"
              stroke="black"
              stroke-width="0"
            />
            <circle
              cx="275"
              cy="40"
              fill="black"
              id="i1_c4"
              r="20"
              stroke="black"
              stroke-width="0"
            />
            <circle
              cx="60"
              cy="200"
              fill="black"
              id="i1_c5"
              r="30"
              stroke="black"
              stroke-width="0"
            />
            <circle
              cx="25"
              cy="30"
              fill="black"
              id="i1_c6"
              r="40"
              stroke="black"
              stroke-width="0"
            />
            <circle
              cx="270"
              cy="350"
              fill="black"
              id="i1_c7"
              r="55"
              stroke="black"
              stroke-width="0"
            />
          </svg>
        </div>
        <div
          class="poem"
          id="poem1"
        />
      </div>
      <div
        id="audioFav"
      >
        <div
          class="audio-control"
        >
          <audio
            controls=""
          >
            <source
              src="https://docs.google.com/uc?export=download&id=1gAzs4UwdenQmNbEm9mdDIunb8Ef-kn5i"
            />
            Your browser does not support audio-tag.
          </audio>
        </div>
        <button
          id="starButton"
        >
          <span
            id="star"
          >
            ☆
          </span>
        </button>
      </div>
      <div
        class="arrows allowedArrow"
        id="right"
      >
        <div
          class="rightArrow"
        />
      </div>
      <div
        id="artInfo"
      >
        <div>
          <h2
            id="installation-title"
          >
            Dark dots
             (
            2000
            )
          </h2>
          <h4
            id="artist"
          >
            Mary Cassatt
          </h4>
        </div>
      </div>
    </div>
  </div>
</div>
`;
